
[1m[46m RUN [49m[22m [36mv3.2.4 [39m[90mC:/Users/prath/OneDrive/Documents/@Downloads/@healthyday/@production/dashboard-test-healthyday[39m

[90mstdout[2m | src/test/preview.test.tsx[2m > [22m[2mPreview Free_day7_7.00PM[2m > [22m[2mshould render correct elements for Day 7 at 7:00 PM Telugu
[22m[39mFound 14 day boxes.
Day 1: green (bg: rgb(13, 148, 0))
Day 2: green (bg: rgb(13, 148, 0))
Day 3: green (bg: rgb(13, 148, 0))
Day 4: green (bg: rgb(13, 148, 0))
Day 5: green (bg: rgb(13, 148, 0))
Day 6: green (bg: rgb(13, 148, 0))
Day 7: yellow (bg: rgb(254, 171, 39))
Day 8: unknown (bg: )
Day 9: unknown (bg: )
Day 10: unknown (bg: )
Day 11: unknown (bg: )
Day 12: unknown (bg: )
Day 13: unknown (bg: )
Day 14: unknown (bg: )
Is coming soon shown? [33mfalse[39m
Entire HTML body:
 <div class="hd-page bg-white" style="font-family: Outfit, sans-serif;"><header class="hd-header bg-white"><img src="/src/assets/Primary_logo.svg" alt="Healthyday" class="h-7"></header><div style="padding: 24px 20px 0px;"><div style="display: flex; align-items: center; justify-content: space-between; margin-bottom: 12px;"><h2 style="color: rgb(32, 32, 32); font-family: Outfit; font-size: 18px; font-weight: 700; margin: 0px;">Your Yoga Session</h2><div style="display: flex; align-items: center; gap: 5px; background: rgb(255, 240, 240); border-radius: 20px; padding: 3px 10px;"><div style="width: 7px; height: 7px; border-radius: 50%; background: rgb(255, 59, 48);"></div><span style="color: rgb(255, 59, 48); font-family: Outfit; font-size: 12px; font-weight: 700;">LIVE</span></div></div><div style="width: 100%;"><a href="https://www.youtube.com/c/Healthyday" target="_blank" rel="noopener noreferrer" style="display: block; text-decoration: none;"><div style="width: 100%; height: auto; border-radius: 12px 12px 0 0; box-shadow: 1px 0 4px 0 rgba(0,0,0,0.25), -1px -1px 4px 0 rgba(0,0,0,0.25); position: relative;"><div style="position: absolute; top: 0px; left: 0px; right: 0px; bottom: 0px; border-radius: 12px; background: rgba(0, 0, 0, 0.32);"></div><div style="position: absolute; top: 0px; left: 0px; right: 0px; bottom: 0px; display: flex; align-items: center; justify-content: center;"><svg width="68" height="48" viewBox="0 0 68 48" fill="none" xmlns="http://www.w3.org/2000/svg"><rect width="68" height="48" rx="14" fill="#FF0000" fill-opacity="0.95"></rect><path d="M45 24L28 34V14L45 24Z" fill="white"></path></svg></div></div></a><div style="width: 100%; height: 67px; border-radius: 0 0 12px 12px; border: 1.5px solid #e9e9e9; background: rgb(255, 255, 255); box-shadow: 0 2px 4px 0 rgba(0,0,0,0.25); display: flex; align-items: center; justify-content: center; box-sizing: border-box; padding-left: 16px;"><a href="https://www.youtube.com/c/Healthyday" target="_blank" rel="noopener noreferrer" style="width: 300px; height: 40px; border-radius: 10px; background: rgb(254, 171, 39); display: flex; align-items: center; justify-content: center; gap: 8px; text-decoration: none;"><svg xmlns="http://www.w3.org/2000/svg" width="20" height="20" viewBox="0 0 20 20" fill="none"><path d="M10 2.5C8.51664 2.5 7.0666 2.93987 5.83323 3.76398C4.59986 4.58809 3.63856 5.75943 3.07091 7.12988C2.50325 8.50032 2.35472 10.0083 2.64411 11.4632C2.9335 12.918 3.64781 14.2544 4.6967 15.3033C5.7456 16.3522 7.08197 17.0665 8.53683 17.3559C9.99169 17.6453 11.4997 17.4968 12.8701 16.9291C14.2406 16.3614 15.4119 15.4001 16.236 14.1668C17.0601 12.9334 17.5 11.4834 17.5 10" stroke="white" stroke-width="2" stroke-linecap="round" stroke-linejoin="round"></path><path d="M17.5 10C17.5 8.01088 16.7098 6.10322 15.3033 4.6967C13.8968 3.29018 11.9891 2.5 10 2.5" stroke="white" stroke-width="2" stroke-linecap="round" stroke-linejoin="round"></path><path d="M8.33333 7.5V12.5L12.5 10L8.33333 7.5Z" stroke="white" stroke-width="2" stroke-linecap="round" stroke-linejoin="round"></path></svg><span style="color: rgb(255, 255, 255); font-family: Outfit; font-size: 18px; font-weight: 700; line-height: normal;">JOIN SESSION</span></a></div></div></div><div style="padding: 28px 20px 0px;"><h3 style="color: rgb(0, 0, 0); font-family: Outfit; font-size: 18px; font-weight: 700; margin-bottom: 12px;">Your 14 Days Attendance</h3><div style="width: 100%; border-radius: 15px; border: 1px solid #ffc76f; padding: 16px 12px; background: rgb(255, 229, 186); box-sizing: border-box;"><p style="color: rgb(13, 70, 139); font-family: Outfit; font-size: 14px; font-weight: 700; margin-bottom: 14px;">Sat, May 16 ΓÇö Fri, May 29</p><div style="display: flex; justify-content: space-between; margin-bottom: 14px;"><div style="display: flex; flex-direction: column; align-items: center; width: 42px;"><div style="width: 36.763px; height: 36.763px; border-radius: 5px; background: rgb(13, 148, 0); opacity: 1; display: flex; align-items: center; justify-content: center; margin-bottom: 4px;"><svg xmlns="http://www.w3.org/2000/svg" width="18" height="18" viewBox="0 0 18 18" fill="none"><circle cx="8.7071" cy="8.7071" r="8.7071" fill="white"></circle><path d="M4.5 8.90237L7.77251 11.8047L14.3175 6" stroke="#0D9400" stroke-width="2" stroke-linecap="round" stroke-linejoin="round"></path></svg></div><span style="color: rgb(102, 102, 102); font-family: Outfit; font-size: 10px; font-weight: 600;">Day 1</span></div><div style="display: flex; flex-direction: column; align-items: center; width: 42px;"><div style="width: 36.763px; height: 36.763px; border-radius: 5px; background: rgb(13, 148, 0); opacity: 1; display: flex; align-items: center; justify-content: center; margin-bottom: 4px;"><svg xmlns="http://www.w3.org/2000/svg" width="18" height="18" viewBox="0 0 18 18" fill="none"><circle cx="8.7071" cy="8.7071" r="8.7071" fill="white"></circle><path d="M4.5 8.90237L7.77251 11.8047L14.3175 6" stroke="#0D9400" stroke-width="2" stroke-linecap="round" stroke-linejoin="round"></path></svg></div><span style="color: rgb(102, 102, 102); font-family: Outfit; font-size: 10px; font-weight: 600;">Day 2</span></div><div style="display: flex; flex-direction: column; align-items: center; width: 42px;"><div style="width: 36.763px; height: 36.763px; border-radius: 5px; background: rgb(13, 148, 0); opacity: 1; display: flex; align-items: center; justify-content: center; margin-bottom: 4px;"><svg xmlns="http://www.w3.org/2000/svg" width="18" height="18" viewBox="0 0 18 18" fill="none"><circle cx="8.7071" cy="8.7071" r="8.7071" fill="white"></circle><path d="M4.5 8.90237L7.77251 11.8047L14.3175 6" stroke="#0D9400" stroke-width="2" stroke-linecap="round" stroke-linejoin="round"></path></svg></div><span style="color: rgb(102, 102, 102); font-family: Outfit; font-size: 10px; font-weight: 600;">Day 3</span></div><div style="display: flex; flex-direction: column; align-items: center; width: 42px;"><div style="width: 36.763px; height: 36.763px; border-radius: 5px; background: rgb(13, 148, 0); opacity: 1; display: flex; align-items: center; justify-content: center; margin-bottom: 4px;"><svg xmlns="http://www.w3.org/2000/svg" width="18" height="18" viewBox="0 0 18 18" fill="none"><circle cx="8.7071" cy="8.7071" r="8.7071" fill="white"></circle><path d="M4.5 8.90237L7.77251 11.8047L14.3175 6" stroke="#0D9400" stroke-width="2" stroke-linecap="round" stroke-linejoin="round"></path></svg></div><span style="color: rgb(102, 102, 102); font-family: Outfit; font-size: 10px; font-weight: 600;">Day 4</span></div><div style="display: flex; flex-direction: column; align-items: center; width: 42px;"><div style="width: 36.763px; height: 36.763px; border-radius: 5px; background: rgb(13, 148, 0); opacity: 1; display: flex; align-items: center; justify-content: center; margin-bottom: 4px;"><svg xmlns="http://www.w3.org/2000/svg" width="18" height="18" viewBox="0 0 18 18" fill="none"><circle cx="8.7071" cy="8.7071" r="8.7071" fill="white"></circle><path d="M4.5 8.90237L7.77251 11.8047L14.3175 6" stroke="#0D9400" stroke-width="2" stroke-linecap="round" stroke-linejoin="round"></path></svg></div><span style="color: rgb(102, 102, 102); font-family: Outfit; font-size: 10px; font-weight: 600;">Day 5</span></div><div style="display: flex; flex-direction: column; align-items: center; width: 42px;"><div style="width: 36.763px; height: 36.763px; border-radius: 5px; background: rgb(13, 148, 0); opacity: 1; display: flex; align-items: center; justify-content: center; margin-bottom: 4px;"><svg xmlns="http://www.w3.org/2000/svg" width="18" height="18" viewBox="0 0 18 18" fill="none"><circle cx="8.7071" cy="8.7071" r="8.7071" fill="white"></circle><path d="M4.5 8.90237L7.77251 11.8047L14.3175 6" stroke="#0D9400" stroke-width="2" stroke-linecap="round" stroke-linejoin="round"></path></svg></div><span style="color: rgb(102, 102, 102); font-family: Outfit; font-size: 10px; font-weight: 600;">Day 6</span></div><div style="display: flex; flex-direction: column; align-items: center; width: 42px;"><div style="width: 36.763px; height: 36.763px; border-radius: 5px; background: rgb(254, 171, 39); opacity: 1; display: flex; align-items: center; justify-content: center; margin-bottom: 4px;"><svg xmlns="http://www.w3.org/2000/svg" width="18" height="18" viewBox="0 0 18 18" fill="none"><circle cx="8.7071" cy="8.7071" r="8.7071" fill="white"></circle><path d="M11.9619 4.83728L4.10791 12.5769M4.10791 4.83728L11.9619 12.5769" stroke="#FEAB27" stroke-width="2" stroke-linecap="round" stroke-linejoin="round"></path></svg></div><span style="color: rgb(102, 102, 102); font-family: Outfit; font-size: 10px; font-weight: 600;">Day 7</span></div></div><div style="display: flex; justify-content: space-between;"><div style="display: flex; flex-direction: column; align-items: center; width: 42px;"><div style="width: 36.763px; height: 36.763px; border-radius: 5px; opacity: 0.5; display: flex; align-items: center; justify-content: center; margin-bottom: 4px;"><svg xmlns="http://www.w3.org/2000/svg" width="18" height="18" viewBox="0 0 18 18" fill="none"><circle opacity="0.5" cx="8.7071" cy="8.7071" r="8.7071" fill="white"></circle></svg></div><span style="color: rgb(102, 102, 102); font-family: Outfit; font-size: 10px; font-weight: 600;">Day 8</span></div><div style="display: flex; flex-direction: column; align-items: center; width: 42px;"><div style="width: 36.763px; height: 36.763px; border-radius: 5px; opacity: 0.5; display: flex; align-items: center; justify-content: center; margin-bottom: 4px;"><svg xmlns="http://www.w3.org/2000/svg" width="18" height="18" viewBox="0 0 18 18" fill="none"><circle opacity="0.5" cx="8.7071" cy="8.7071" r="8.7071" fill="white"></circle></svg></div><span style="color: rgb(102, 102, 102); font-family: Outfit; font-size: 10px; font-weight: 600;">Day 9</span></div><div style="display: flex; flex-direction: column; align-items: center; width: 42px;"><div style="width: 36.763px; height: 36.763px; border-radius: 5px; opacity: 0.5; display: flex; align-items: center; justify-content: center; margin-bottom: 4px;"><svg xmlns="http://www.w3.org/2000/svg" width="18" height="18" viewBox="0 0 18 18" fill="none"><circle opacity="0.5" cx="8.7071" cy="8.7071" r="8.7071" fill="white"></circle></svg></div><span style="color: rgb(102, 102, 102); font-family: Outfit; font-size: 10px; font-weight: 600;">Day 10</span></div><div style="display: flex; flex-direction: column; align-items: center; width: 42px;"><div style="width: 36.763px; height: 36.763px; border-radius: 5px; opacity: 0.5; display: flex; align-items: center; justify-content: center; margin-bottom: 4px;"><svg xmlns="http://www.w3.org/2000/svg" width="18" height="18" viewBox="0 0 18 18" fill="none"><circle opacity="0.5" cx="8.7071" cy="8.7071" r="8.7071" fill="white"></circle></svg></div><span style="color: rgb(102, 102, 102); font-family: Outfit; font-size: 10px; font-weight: 600;">Day 11</span></div><div style="display: flex; flex-direction: column; align-items: center; width: 42px;"><div style="width: 36.763px; height: 36.763px; border-radius: 5px; opacity: 0.5; display: flex; align-items: center; justify-content: center; margin-bottom: 4px;"><svg xmlns="http://www.w3.org/2000/svg" width="18" height="18" viewBox="0 0 18 18" fill="none"><circle opacity="0.5" cx="8.7071" cy="8.7071" r="8.7071" fill="white"></circle></svg></div><span style="color: rgb(102, 102, 102); font-family: Outfit; font-size: 10px; font-weight: 600;">Day 12</span></div><div style="display: flex; flex-direction: column; align-items: center; width: 42px;"><div style="width: 36.763px; height: 36.763px; border-radius: 5px; opacity: 0.5; display: flex; align-items: center; justify-content: center; margin-bottom: 4px;"><svg xmlns="http://www.w3.org/2000/svg" width="18" height="18" viewBox="0 0 18 18" fill="none"><circle opacity="0.5" cx="8.7071" cy="8.7071" r="8.7071" fill="white"></circle></svg></div><span style="color: rgb(102, 102, 102); font-family: Outfit; font-size: 10px; font-weight: 600;">Day 13</span></div><div style="display: flex; flex-direction: column; align-items: center; width: 42px;"><div style="width: 36.763px; height: 36.763px; border-radius: 5px; opacity: 0.5; display: flex; align-items: center; justify-content: center; margin-bottom: 4px;"><svg xmlns="http://www.w3.org/2000/svg" width="18" height="18" viewBox="0 0 18 18" fill="none"><circle opacity="0.5" cx="8.7071" cy="8.7071" r="8.7071" fill="white"></circle></svg></div><span style="color: rgb(102, 102, 102); font-family: Outfit; font-size: 10px; font-weight: 600;">Day 14</span></div></div></div></div><div style="padding: 28px 20px 0px;"><div style="display: flex; align-items: center; justify-content: space-between; margin-bottom: 16px;"><h3 style="color: rgb(32, 32, 32); font-family: Outfit; font-size: 18px; font-weight: 700; margin: 0px;">Your Referral Gifts</h3><span style="color: rgb(254, 171, 39); font-family: Outfit; font-size: 14px; font-weight: 600; cursor: pointer;">View More</span></div><div style="width: 100%; border-radius: 16px; background: rgb(255, 255, 255); box-shadow: 0 0 10px 0 rgba(0,0,0,0.25); padding: 20px 16px; box-sizing: border-box;"><div style="position: relative;"><div style="position: absolute; left: 15px; top: 16px; bottom: 16px; width: 3px; background: rgb(221, 222, 222); border-radius: 2px; z-index: 0;"></div><div style="display: flex; align-items: center; gap: 12px; margin-bottom: 14px; position: relative; z-index: 1;"><div style="flex-shrink: 0; width: 33px; height: 24px; display: flex; align-items: center; justify-content: center;"><div style="width: 12px; height: 12px; border-radius: 50%; background: rgb(254, 171, 39); box-shadow: 0 0 0 4px rgba(254,171,39,0.25);"></div></div><span style="color: rgb(32, 32, 32); font-family: Outfit; font-size: 14px; font-weight: 600;">2 Referrals</span><div style="height: 21px; border-radius: 20px; border: 1px solid #feab27; background: rgba(254, 171, 39, 0.2); display: flex; align-items: center; padding: 0px 10px;"><span style="color: rgb(254, 171, 39); font-family: Outfit; font-size: 12px; font-weight: 600;">You are here</span></div></div><div style="display: flex; align-items: center; justify-content: space-between; margin-bottom: 14px; position: relative; z-index: 1;"><div style="display: flex; align-items: center; gap: 12px;"><div style="position: relative; flex-shrink: 0; width: 33px; height: 33px;"><svg xmlns="http://www.w3.org/2000/svg" width="33" height="33" viewBox="0 0 33 33" fill="none"><circle cx="16.5" cy="16.5" r="14.5" fill="white" stroke="#FEAB27" stroke-width="4"></circle></svg><div style="position: absolute; top: 50%; left: 50%; transform: translate(-50%, -50%);"><svg xmlns="http://www.w3.org/2000/svg" width="16" height="16" viewBox="0 0 16 16" fill="none"><path d="M5.3335 7.33333V4.66667C5.3335 3.95942 5.61445 3.28115 6.11454 2.78105C6.61464 2.28095 7.29292 2 8.00016 2C8.70741 2 9.38568 2.28095 9.88578 2.78105C10.3859 3.28115 10.6668 3.95942 10.6668 4.66667V7.33333M3.3335 8.66667C3.3335 8.31304 3.47397 7.97391 3.72402 7.72386C3.97407 7.47381 4.31321 7.33333 4.66683 7.33333H11.3335C11.6871 7.33333 12.0263 7.47381 12.2763 7.72386C12.5264 7.97391 12.6668 8.31304 12.6668 8.66667V12.6667C12.6668 13.0203 12.5264 13.3594 12.2763 13.6095C12.0263 13.8595 11.6871 14 11.3335 14H4.66683C4.31321 14 3.97407 13.8595 3.72402 13.6095C3.47397 13.3594 3.3335 13.0203 3.3335 12.6667V8.66667Z" stroke="#FEAB27" stroke-width="2" stroke-linecap="round" stroke-linejoin="round"></path></svg></div></div><div><div style="font-family: Outfit; font-size: 16px; font-weight: 600; line-height: normal; color: rgb(254, 171, 39);">10 Free Classes</div><div style="color: rgb(156, 156, 156); font-family: Outfit; font-size: 12px; font-weight: 500;">5 Referrals</div></div></div><span style="color: rgb(156, 156, 156); font-family: Outfit; font-size: 11px; font-weight: 700;">IN PROGRESS</span></div><div style="display: flex; align-items: center; justify-content: space-between; margin-bottom: 14px; position: relative; z-index: 1;"><div style="display: flex; align-items: center; gap: 12px;"><div style="position: relative; flex-shrink: 0; width: 33px; height: 33px;"><svg xmlns="http://www.w3.org/2000/svg" width="33" height="33" viewBox="0 0 33 33" fill="none"><circle cx="16.5" cy="16.5" r="16.5" fill="#DDDEDE"></circle></svg><div style="position: absolute; top: 50%; left: 50%; transform: translate(-50%, -50%);"><svg xmlns="http://www.w3.org/2000/svg" width="16" height="16" viewBox="0 0 16 16" fill="none"><path d="M5.3335 7.33333V4.66667C5.3335 3.95942 5.61445 3.28115 6.11454 2.78105C6.61464 2.28095 7.29292 2 8.00016 2C8.70741 2 9.38568 2.28095 9.88578 2.78105C10.3859 3.28115 10.6668 3.95942 10.6668 4.66667V7.33333M3.3335 8.66667C3.3335 8.31304 3.47397 7.97391 3.72402 7.72386C3.97407 7.47381 4.31321 7.33333 4.66683 7.33333H11.3335C11.6871 7.33333 12.0263 7.47381 12.2763 7.72386C12.5264 7.97391 12.6668 8.31304 12.6668 8.66667V12.6667C12.6668 13.0203 12.5264 13.3594 12.2763 13.6095C12.0263 13.8595 11.6871 14 11.3335 14H4.66683C4.31321 14 3.97407 13.8595 3.72402 13.6095C3.47397 13.3594 3.3335 13.0203 3.3335 12.6667V8.66667Z" stroke="#A2A2A2" stroke-width="2" stroke-linecap="round" stroke-linejoin="round"></path></svg></div></div><div><div style="font-family: Outfit; font-size: 16px; font-weight: 600; line-height: normal; color: rgb(154, 151, 151);">20 Free Classes</div><div style="color: rgb(156, 156, 156); font-family: Outfit; font-size: 12px; font-weight: 500;">10 Referrals</div></div></div></div><div style="display: flex; align-items: center; justify-content: space-between; margin-bottom: 14px; position: relative; z-index: 1;"><div style="display: flex; align-items: center; gap: 12px;"><div style="position: relative; flex-shrink: 0; width: 33px; height: 33px;"><svg xmlns="http://www.w3.org/2000/svg" width="33" height="33" viewBox="0 0 33 33" fill="none"><circle cx="16.5" cy="16.5" r="16.5" fill="#DDDEDE"></circle></svg><div style="position: absolute; top: 50%; left: 50%; transform: translate(-50%, -50%);"><svg xmlns="http://www.w3.org/2000/svg" width="16" height="16" viewBox="0 0 16 16" fill="none"><path d="M5.3335 7.33333V4.66667C5.3335 3.95942 5.61445 3.28115 6.11454 2.78105C6.61464 2.28095 7.29292 2 8.00016 2C8.70741 2 9.38568 2.28095 9.88578 2.78105C10.3859 3.28115 10.6668 3.95942 10.6668 4.66667V7.33333M3.3335 8.66667C3.3335 8.31304 3.47397 7.97391 3.72402 7.72386C3.97407 7.47381 4.31321 7.33333 4.66683 7.33333H11.3335C11.6871 7.33333 12.0263 7.47381 12.2763 7.72386C12.5264 7.97391 12.6668 8.31304 12.6668 8.66667V12.6667C12.6668 13.0203 12.5264 13.3594 12.2763 13.6095C12.0263 13.8595 11.6871 14 11.3335 14H4.66683C4.31321 14 3.97407 13.8595 3.72402 13.6095C3.47397 13.3594 3.3335 13.0203 3.3335 12.6667V8.66667Z" stroke="#A2A2A2" stroke-width="2" stroke-linecap="round" stroke-linejoin="round"></path></svg></div></div><div><div style="font-family: Outfit; font-size: 16px; font-weight: 600; line-height: normal; color: rgb(154, 151, 151);">Healthyday T-shirt</div><div style="color: rgb(156, 156, 156); font-family: Outfit; font-size: 12px; font-weight: 500;">20 Referrals</div></div></div></div><div style="display: flex; align-items: center; justify-content: space-between; margin-bottom: 14px; position: relative; z-index: 1;"><div style="display: flex; align-items: center; gap: 12px;"><div style="position: relative; flex-shrink: 0; width: 33px; height: 33px;"><svg xmlns="http://www.w3.org/2000/svg" width="33" height="33" viewBox="0 0 33 33" fill="none"><circle cx="16.5" cy="16.5" r="16.5" fill="#DDDEDE"></circle></svg><div style="position: absolute; top: 50%; left: 50%; transform: translate(-50%, -50%);"><svg xmlns="http://www.w3.org/2000/svg" width="16" height="16" viewBox="0 0 16 16" fill="none"><path d="M5.3335 7.33333V4.66667C5.3335 3.95942 5.61445 3.28115 6.11454 2.78105C6.61464 2.28095 7.29292 2 8.00016 2C8.70741 2 9.38568 2.28095 9.88578 2.78105C10.3859 3.28115 10.6668 3.95942 10.6668 4.66667V7.33333M3.3335 8.66667C3.3335 8.31304 3.47397 7.97391 3.72402 7.72386C3.97407 7.47381 4.31321 7.33333 4.66683 7.33333H11.3335C11.6871 7.33333 12.0263 7.47381 12.2763 7.72386C12.5264 7.97391 12.6668 8.31304 12.6668 8.66667V12.6667C12.6668 13.0203 12.5264 13.3594 12.2763 13.6095C12.0263 13.8595 11.6871 14 11.3335 14H4.66683C4.31321 14 3.97407 13.8595 3.72402 13.6095C3.47397 13.3594 3.3335 13.0203 3.3335 12.6667V8.66667Z" stroke="#A2A2A2" stroke-width="2" stroke-linecap="round" stroke-linejoin="round"></path></svg></div></div><div><div style="font-family: Outfit; font-size: 16px; font-weight: 600; line-height: normal; color: rgb(154, 151, 151);">Water Bottle</div><div style="color: rgb(156, 156, 156); font-family: Outfit; font-size: 12px; font-weight: 500;">40 Referrals</div></div></div></div><div style="display: flex; align-items: center; justify-content: space-between; margin-bottom: 0px; position: relative; z-index: 1;"><div style="display: flex; align-items: center; gap: 12px;"><div style="position: relative; flex-shrink: 0; width: 33px; height: 33px;"><svg xmlns="http://www.w3.org/2000/svg" width="33" height="33" viewBox="0 0 33 33" fill="none"><circle cx="16.5" cy="16.5" r="16.5" fill="#DDDEDE"></circle></svg><div style="position: absolute; top: 50%; left: 50%; transform: translate(-50%, -50%);"><svg xmlns="http://www.w3.org/2000/svg" width="16" height="16" viewBox="0 0 16 16" fill="none"><path d="M5.3335 7.33333V4.66667C5.3335 3.95942 5.61445 3.28115 6.11454 2.78105C6.61464 2.28095 7.29292 2 8.00016 2C8.70741 2 9.38568 2.28095 9.88578 2.78105C10.3859 3.28115 10.6668 3.95942 10.6668 4.66667V7.33333M3.3335 8.66667C3.3335 8.31304 3.47397 7.97391 3.72402 7.72386C3.97407 7.47381 4.31321 7.33333 4.66683 7.33333H11.3335C11.6871 7.33333 12.0263 7.47381 12.2763 7.72386C12.5264 7.97391 12.6668 8.31304 12.6668 8.66667V12.6667C12.6668 13.0203 12.5264 13.3594 12.2763 13.6095C12.0263 13.8595 11.6871 14 11.3335 14H4.66683C4.31321 14 3.97407 13.8595 3.72402 13.6095C3.47397 13.3594 3.3335 13.0203 3.3335 12.6667V8.66667Z" stroke="#A2A2A2" stroke-width="2" stroke-linecap="round" stroke-linejoin="round"></path></svg></div></div><div><div style="font-family: Outfit; font-size: 16px; font-weight: 600; line-height: normal; color: rgb(154, 151, 151);">Yoga Mat</div><div style="color: rgb(156, 156, 156); font-family: Outfit; font-size: 12px; font-weight: 500;">60 Referrals</div></div></div></div></div></div></div><div style="padding: 28px 20px 40px; display: flex; justify-content: center;"><div style="width: 100%; max-width: 358px; height: 254px; box-sizing: border-box; border-radius: 16px; box-shadow: 0 0 10px 0 rgba(0,0,0,0.25); padding: 20px; display: flex; flex-direction: column; gap: 12px; justify-content: center;"><div><h3 style="color: rgb(255, 255, 255); font-family: Outfit; font-size: 21px; font-weight: 700; line-height: normal; margin: 0px 0px 4px;">Refer &amp; Win</h3><p style="color: rgb(255, 252, 252); font-family: Outfit; font-size: 14px; font-weight: 400; line-height: normal; margin: 0px;">Invite your friends &amp; family and get exciting gifts!</p></div><div style="display: flex; flex-direction: column; gap: 6px;"><div style="display: flex; flex-direction: column; gap: 12px; width: 100%;"><span style="color: rgb(255, 255, 255); font-family: Outfit; font-size: 12px; font-style: normal; font-weight: 700; line-height: normal; margin-top: 4px;">Share this link</span><div style="width: 100%; height: 48px; border-radius: 8px; border: 1.218px solid #b4b4b4; display: flex; align-items: center; justify-content: space-between; padding: 0px 12px; box-sizing: border-box;"><span style="color: rgb(142, 142, 142); font-family: Outfit; font-size: 15px; font-style: normal; font-weight: 400; line-height: normal; overflow: hidden; text-overflow: ellipsis; white-space: nowrap;">healthyday.app/ref=preview123</span><svg xmlns="http://www.w3.org/2000/svg" width="24" height="24" viewBox="0 0 24 24" fill="none" style="cursor: pointer; flex-shrink: 0; margin-left: 8px;"><path d="M5.84333 16.4475C5.58779 16.3018 5.37523 16.0912 5.22715 15.8371C5.07906 15.5829 5.00071 15.2942 5 15V6.66667C5 5.75 5.75 5 6.66667 5H15C15.625 5 15.965 5.32083 16.25 5.83333M8.33333 10.5558C8.33333 9.96639 8.56749 9.40109 8.98429 8.98429C9.40109 8.56749 9.96639 8.33333 10.5558 8.33333H17.7775C18.0694 8.33333 18.3584 8.39082 18.628 8.50251C18.8977 8.6142 19.1427 8.77791 19.349 8.98429C19.5554 9.19067 19.7191 9.43567 19.8308 9.70532C19.9425 9.97497 20 10.264 20 10.5558V17.7775C20 18.0694 19.9425 18.3584 19.8308 18.628C19.7191 18.8977 19.5554 19.1427 19.349 19.349C19.1427 19.5554 18.8977 19.7191 18.628 19.8308C18.3584 19.9425 18.0694 20 17.7775 20H10.5558C10.264 20 9.97497 19.9425 9.70532 19.8308C9.43567 19.7191 9.19067 19.5554 8.98429 19.349C8.77791 19.1427 8.6142 18.8977 8.50251 18.628C8.39082 18.3584 8.33333 18.0694 8.33333 17.7775V10.5558Z" stroke="#8E8E8E" stroke-width="1.5" stroke-linecap="round" stroke-linejoin="round"></path></svg></div><div style="display: flex; gap: 6px; width: 100%; margin-top: 2px;"><button style="flex: 1; height: 40px; border-radius: 10px; background: rgb(254, 171, 39); display: flex; align-items: center; justify-content: center; gap: 6px; cursor: pointer;"><svg xmlns="http://www.w3.org/2000/svg" width="17" height="17" viewBox="0 0 17 17" fill="none"><g clip-path="url(#clip0_859_5029)"><path d="M6.4972 4.3332C5.58164 4.14913 4.63099 4.27241 3.7925 4.68395C2.954 5.0955 2.27445 5.77233 1.85908 6.60964C1.44372 7.44695 1.31572 8.39801 1.49491 9.31552C1.6741 10.233 2.15048 11.0658 2.85028 11.6848C3.55007 12.3039 4.43422 12.6746 5.3658 12.7397C6.29738 12.8048 7.2244 12.5605 8.00329 12.0448C8.78218 11.5291 9.36948 10.7706 9.67422 9.8869C9.97896 9.0032 9.98414 8.04356 9.68896 7.15662M10.4807 12.6674C11.3972 12.8525 12.3492 12.7294 13.1887 12.3173C14.0282 11.9053 14.7083 11.2273 15.1235 10.3887C15.5387 9.55001 15.6658 8.59759 15.4849 7.67925C15.3041 6.76091 14.8255 5.92803 14.1234 5.30989C13.4213 4.69175 12.535 4.32294 11.6021 4.2607C10.6692 4.19846 9.74184 4.44628 8.96403 4.96569C8.18621 5.4851 7.60144 6.24704 7.30047 7.13324C6.9995 8.01943 6.99919 8.98031 7.29957 9.8667" stroke="white" stroke-width="1.5" stroke-linecap="round" stroke-linejoin="round"></path></g><defs><clipPath id="clip0_859_5029"><rect width="16.9812" height="17" fill="white"></rect></clipPath></defs></svg><span style="color: rgb(255, 255, 255); text-align: center; font-family: Outfit; font-size: 14px; font-style: normal; font-weight: 500; line-height: normal;">Copy Link</span></button><button style="flex: 1.25; height: 40px; border-radius: 10px; background: rgb(87, 208, 99); display: flex; align-items: center; justify-content: center; gap: 6px; cursor: pointer;"><img src="/image 1.png" style="display: block; width: 15px; height: 15px;" alt="WhatsApp"><span style="color: rgb(255, 255, 255); font-family: Outfit; font-size: 14px; font-style: normal; font-weight: 500; line-height: normal;">Share on Whatsapp</span></button></div><div style="margin-top: 6px; text-align: center; cursor: pointer; display: flex; align-items: center; justify-content: center; gap: 4px;"><span style="color: rgb(255, 255, 255); text-align: center; font-family: Outfit; font-size: 16px; font-style: normal; font-weight: 500; line-height: normal;">Your Referrals</span><span style="color: rgb(255, 255, 255); font-family: Outfit; font-size: 18px; font-style: normal; font-weight: 500; line-height: normal; margin-top: -2px;">ΓåÆ</span></div></div></div></div></div><div style="position: fixed; bottom: 0px; left: 0px; right: 0px; z-index: 1000; display: flex; justify-content: center; pointer-events: none;"><div class="hd-popup-content" style="height: 200px; pointer-events: auto;"><div class="flex items-center justify-between"><span style="color: rgb(255, 255, 255); font-family: Outfit; font-size: 12px; font-weight: 700; line-height: normal;">REFER &amp; WIN</span><button style="background: none; cursor: pointer; padding: 0px; line-height: 1; display: flex; align-items: center; justify-content: center;"><svg xmlns="http://www.w3.org/2000/svg" width="10" height="10" viewBox="0 0 12 12" fill="none"><path d="M11 1L1 11M1 1L11 11" stroke="white" stroke-width="2" stroke-linecap="round" stroke-linejoin="round"></path></svg></button></div><div style="position: relative; margin-top: 60px; margin-bottom: 40px;"><div style="height: 6px; background: rgb(170, 170, 170); border-radius: 3px; margin-left: 9%;"><div style="width: 13.461538461538467%; height: 6px; background: rgb(254, 171, 39); border-radius: 3px;"></div></div><div style="position: absolute; left: 13.461538461538467%; top: 50%; transform: translate(-50%, -50%);"><svg xmlns="http://www.w3.org/2000/svg" width="19" height="19" viewBox="0 0 19 19" fill="none"><circle cx="9.5" cy="9.5" r="9.5" fill="#FEAB27"></circle></svg><div style="position: absolute; bottom: 100%; left: 50%; transform: translateX(-50%); display: flex; flex-direction: column; align-items: center; margin-bottom: 4px;"><div style="width: 70px; text-align: center; color: rgb(255, 255, 255); font-family: Outfit; font-size: 11px; font-weight: 700; line-height: normal; margin-bottom: 6px; white-space: nowrap;">You are here</div><svg xmlns="http://www.w3.org/2000/svg" width="16" height="18" viewBox="0 0 21 24" fill="none"><path d="M6.9375 10.521C6.9375 11.4679 7.31283 12.3761 7.98093 13.0457C8.64903 13.7153 9.55516 14.0915 10.5 14.0915C11.4448 14.0915 12.351 13.7153 13.0191 13.0457C13.6872 12.3761 14.0625 11.4679 14.0625 10.521C14.0625 9.57403 13.6872 8.66585 13.0191 7.99625C12.351 7.32665 11.4448 6.95048 10.5 6.95048C9.55516 6.95048 8.64903 7.32665 7.98093 7.99625C7.31283 8.66585 6.9375 9.57403 6.9375 10.521Z" fill="white"></path><path d="M17.2177 17.2538L12.1791 22.3037C11.7338 22.7495 11.1301 23 10.5006 23C9.87112 23 9.26739 22.7495 8.82206 22.3037L3.78232 17.2538C2.45377 15.9222 1.54903 14.2256 1.18251 12.3787C0.815988 10.5317 1.00415 8.61734 1.7232 6.87757C2.44224 5.1378 3.65988 3.6508 5.22214 2.6046C6.78439 1.5584 8.6211 1 10.5 1C12.3789 1 14.2156 1.5584 15.7779 2.6046C17.3401 3.6508 18.5578 5.1378 19.2768 6.87757C19.9959 8.61734 20.184 10.5317 19.8175 12.3787C19.451 14.2256 18.5462 15.9222 17.2177 17.2538Z" fill="white"></path><path d="M6.9375 10.521C6.9375 11.4679 7.31283 12.3761 7.98093 13.0457C8.64903 13.7153 9.55516 14.0915 10.5 14.0915C11.4448 14.0915 12.351 13.7153 13.0191 13.0457C13.6872 12.3761 14.0625 11.4679 14.0625 10.521C14.0625 9.57403 13.6872 8.66585 13.0191 7.99625C12.351 7.32665 11.4448 6.95048 10.5 6.95048C9.55516 6.95048 8.64903 7.32665 7.98093 7.99625C7.31283 8.66585 6.9375 9.57403 6.9375 10.521Z" stroke="#0A386F" stroke-width="2" stroke-linecap="round" stroke-linejoin="round"></path><path d="M17.2177 17.2538L12.1791 22.3037C11.7338 22.7495 11.1301 23 10.5006 23C9.87112 23 9.26739 22.7495 8.82206 22.3037L3.78232 17.2538C2.45377 15.9222 1.54903 14.2256 1.18251 12.3787C0.815988 10.5317 1.00415 8.61734 1.7232 6.87757C2.44224 5.1378 3.65988 3.6508 5.22214 2.6046C6.78439 1.5584 8.6211 1 10.5 1C12.3789 1 14.2156 1.5584 15.7779 2.6046C17.3401 3.6508 18.5578 5.1378 19.2768 6.87757C19.9959 8.61734 20.184 10.5317 19.8175 12.3787C19.451 14.2256 18.5462 15.9222 17.2177 17.2538Z" stroke="#0A386F" stroke-width="2" stroke-linecap="round" stroke-linejoin="round"></path></svg></div><div style="position: absolute; top: 100%; left: 50%; transform: translateX(-50%); margin-top: 6px; text-align: center; white-space: nowrap;"><span style="color: rgb(255, 255, 255); font-family: Outfit; font-size: 10px; font-weight: 500;">2 Referrals</span></div></div><div style="position: absolute; left: 38.46153846153847%; top: 50%; transform: translate(-50%, -50%);"><div style="position: absolute; bottom: 28px; left: 50%; transform: translateX(-50%); text-align: center; white-space: nowrap;"><span style="color: rgb(255, 255, 255); font-family: Outfit; font-size: 11px; font-weight: 700;">+10 FREE Classes</span></div><svg xmlns="http://www.w3.org/2000/svg" width="24" height="24" viewBox="0 0 24 24" fill="none"><circle cx="12" cy="12" r="12" fill="#DDDEDE"></circle><path d="M10.4243 11.1512V9.21185C10.4243 8.6975 10.6286 8.2042 10.9923 7.8405C11.356 7.47679 11.8493 7.27246 12.3637 7.27246C12.878 7.27246 13.3713 7.47679 13.735 7.8405C14.0987 8.2042 14.3031 8.6975 14.3031 9.21185V11.1512M8.96973 12.1209C8.96973 11.8638 9.07189 11.6171 9.25374 11.4353C9.4356 11.2534 9.68224 11.1512 9.93942 11.1512H14.7879C15.0451 11.1512 15.2917 11.2534 15.4736 11.4353C15.6554 11.6171 15.7576 11.8638 15.7576 12.1209V15.03C15.7576 15.2872 15.6554 15.5339 15.4736 15.7157C15.2917 15.8976 15.0451 15.9997 14.7879 15.9997H9.93942C9.68224 15.9997 9.4356 15.8976 9.25374 15.7157C9.07189 15.5339 8.96973 15.2872 8.96973 15.03V12.1209ZM11.8788 13.5755C11.8788 13.7041 11.9299 13.8274 12.0208 13.9183C12.1118 14.0093 12.2351 14.0603 12.3637 14.0603C12.4923 14.0603 12.6156 14.0093 12.7065 13.9183C12.7974 13.8274 12.8485 13.7041 12.8485 13.5755C12.8485 13.4469 12.7974 13.3236 12.7065 13.2327C12.6156 13.1417 12.4923 13.0906 12.3637 13.0906C12.2351 13.0906 12.1118 13.1417 12.0208 13.2327C11.9299 13.3236 11.8788 13.4469 11.8788 13.5755Z" stroke="#A2A2A2" stroke-linecap="round" stroke-linejoin="round"></path></svg><div style="position: absolute; top: 28px; left: 50%; transform: translateX(-50%); text-align: center; white-space: nowrap;"><span style="color: rgb(255, 255, 255); font-family: Outfit; font-size: 10px; font-weight: 500;">5 Referrals</span></div></div><div style="position: absolute; left: 76.92307692307693%; top: 50%; transform: translate(-50%, -50%);"><div style="position: absolute; bottom: 28px; left: 50%; transform: translateX(-50%); text-align: center; white-space: nowrap;"><span style="color: rgb(255, 255, 255); font-family: Outfit; font-size: 11px; font-weight: 700;">+20 FREE Classes</span></div><svg xmlns="http://www.w3.org/2000/svg" width="24" height="24" viewBox="0 0 24 24" fill="none"><circle cx="12" cy="12" r="12" fill="#DDDEDE"></circle><path d="M10.4243 11.1512V9.21185C10.4243 8.6975 10.6286 8.2042 10.9923 7.8405C11.356 7.47679 11.8493 7.27246 12.3637 7.27246C12.878 7.27246 13.3713 7.47679 13.735 7.8405C14.0987 8.2042 14.3031 8.6975 14.3031 9.21185V11.1512M8.96973 12.1209C8.96973 11.8638 9.07189 11.6171 9.25374 11.4353C9.4356 11.2534 9.68224 11.1512 9.93942 11.1512H14.7879C15.0451 11.1512 15.2917 11.2534 15.4736 11.4353C15.6554 11.6171 15.7576 11.8638 15.7576 12.1209V15.03C15.7576 15.2872 15.6554 15.5339 15.4736 15.7157C15.2917 15.8976 15.0451 15.9997 14.7879 15.9997H9.93942C9.68224 15.9997 9.4356 15.8976 9.25374 15.7157C9.07189 15.5339 8.96973 15.2872 8.96973 15.03V12.1209ZM11.8788 13.5755C11.8788 13.7041 11.9299 13.8274 12.0208 13.9183C12.1118 14.0093 12.2351 14.0603 12.3637 14.0603C12.4923 14.0603 12.6156 14.0093 12.7065 13.9183C12.7974 13.8274 12.8485 13.7041 12.8485 13.5755C12.8485 13.4469 12.7974 13.3236 12.7065 13.2327C12.6156 13.1417 12.4923 13.0906 12.3637 13.0906C12.2351 13.0906 12.1118 13.1417 12.0208 13.2327C11.9299 13.3236 11.8788 13.4469 11.8788 13.5755Z" stroke="#A2A2A2" stroke-linecap="round" stroke-linejoin="round"></path></svg><div style="position: absolute; top: 28px; left: 50%; transform: translateX(-50%); text-align: center; white-space: nowrap;"><span style="color: rgb(255, 255, 255); font-family: Outfit; font-size: 10px; font-weight: 500;">10 Referrals</span></div></div></div><button style="width: 100%; height: 43px; border-radius: 14px; background: rgb(254, 171, 39); cursor: pointer; display: flex; align-items: center; justify-content: center; gap: 8px; box-shadow: 0 0 10px 1px rgba(0,0,0,0.25);"><svg xmlns="http://www.w3.org/2000/svg" width="19" height="19" viewBox="0 0 19 19" fill="none"><path d="M1.25 16.4079V14.7237C1.25 13.8303 1.60489 12.9736 2.23659 12.3419C2.86829 11.7102 3.72506 11.3553 4.61842 11.3553H7.98684C8.79526 11.3553 9.53632 11.6399 10.1174 12.114M12.1974 1.35948C12.9219 1.54499 13.5641 1.96638 14.0227 2.55721C14.4814 3.14804 14.7303 3.8747 14.7303 4.62264C14.7303 5.37057 14.4814 6.09723 14.0227 6.68806C13.5641 7.27889 12.9219 7.70028 12.1974 7.88579M12.1974 14.7237H17.25M14.7237 12.1974V17.25M2.93421 4.61842C2.93421 5.51178 3.2891 6.36855 3.9208 7.00025C4.5525 7.63196 5.40927 7.98684 6.30263 7.98684C7.19599 7.98684 8.05276 7.63196 8.68447 7.00025C9.31617 6.36855 9.67105 5.51178 9.67105 4.61842C9.67105 3.72506 9.31617 2.86829 8.68447 2.23659C8.05276 1.60489 7.19599 1.25 6.30263 1.25C5.40927 1.25 4.5525 1.60489 3.9208 2.23659C3.2891 2.86829 2.93421 3.72506 2.93421 4.61842Z" stroke="white" stroke-width="2.5" stroke-linecap="round" stroke-linejoin="round"></path></svg><span style="color: rgb(255, 255, 255); font-family: Outfit; font-size: 20px; font-weight: 700; line-height: normal;">Refer Now</span></button></div></div></div>

 [32mΓ£ô[39m src/test/preview.test.tsx [2m([22m[2m1 test[22m[2m)[22m[32m 70[2mms[22m[39m

[2m Test Files [22m [1m[32m1 passed[39m[22m[90m (1)[39m
[2m      Tests [22m [1m[32m1 passed[39m[22m[90m (1)[39m
[2m   Start at [22m 16:13:52
[2m   Duration [22m 1.73s[2m (transform 252ms, setup 89ms, collect 524ms, tests 70ms, environment 496ms, prepare 72ms)[22m

